node_modules/@formatjs/ecma402-abstract/NumberFormat/format_to_parts.d.ts(10,114): error TS2694: Namespace 'Intl' has no exported member 'PluralRules'.
node_modules/@formatjs/ecma402-abstract/NumberFormat/InitializeNumberFormat.d.ts(8,23): error TS2583: Cannot find name 'Set'. Do you need to change your target library? Try changing the 'lib' compiler option to 'es2015' or later.
node_modules/@formatjs/ecma402-abstract/SupportedLocales.d.ts(7,60): error TS2583: Cannot find name 'Set'. Do you need to change your target library? Try changing the 'lib' compiler option to 'es2015' or later.
node_modules/@formatjs/ecma402-abstract/types/date-time.d.ts(1,56): error TS2344: Type '"month" | "weekday" | "era" | "year" | "day" | "dayPeriod" | "hour" | "minute" | "second" | "timeZoneName"' does not satisfy the constraint 'keyof DateTimeFormatOptions'.
  Type '"dayPeriod"' is not assignable to type 'keyof DateTimeFormatOptions'.
node_modules/@formatjs/ecma402-abstract/types/date-time.d.ts(130,47): error TS2694: Namespace 'Intl' has no exported member 'DateTimeFormatPartTypes'.
node_modules/@formatjs/ecma402-abstract/types/number.d.ts(141,14): error TS2694: Namespace 'Intl' has no exported member 'PluralRules'.
node_modules/@formatjs/ecma402-abstract/types/number.d.ts(165,42): error TS2694: Namespace 'Intl' has no exported member 'NumberFormatPartTypes'.
node_modules/@formatjs/ecma402-abstract/types/relative-time.d.ts(28,59): error TS2694: Namespace 'Intl' has no exported member 'RelativeTimeFormatUnit'.
node_modules/@formatjs/ecma402-abstract/types/relative-time.d.ts(32,23): error TS2694: Namespace 'Intl' has no exported member 'PluralRules'.
node_modules/@formatjs/ecma402-abstract/types/relative-time.d.ts(35,17): error TS2724: 'Intl' has no exported member named 'ResolvedRelativeTimeFormatOptions'. Did you mean 'ResolvedDateTimeFormatOptions'?
node_modules/@formatjs/ecma402-abstract/types/relative-time.d.ts(36,19): error TS2724: 'Intl' has no exported member named 'ResolvedRelativeTimeFormatOptions'. Did you mean 'ResolvedDateTimeFormatOptions'?
node_modules/@formatjs/ecma402-abstract/utils.d.ts(2,126): error TS2583: Cannot find name 'WeakMap'. Do you need to change your target library? Try changing the 'lib' compiler option to 'es2015' or later.
node_modules/@formatjs/ecma402-abstract/utils.d.ts(3,128): error TS2583: Cannot find name 'WeakMap'. Do you need to change your target library? Try changing the 'lib' compiler option to 'es2015' or later.
node_modules/@formatjs/ecma402-abstract/utils.d.ts(4,126): error TS2583: Cannot find name 'WeakMap'. Do you need to change your target library? Try changing the 'lib' compiler option to 'es2015' or later.
node_modules/@formatjs/ecma402-abstract/utils.d.ts(5,132): error TS2583: Cannot find name 'WeakMap'. Do you need to change your target library? Try changing the 'lib' compiler option to 'es2015' or later.
node_modules/@formatjs/ecma402-abstract/utils.d.ts(28,93): error TS2550: Property 'PluralRules' does not exist on type 'typeof Intl'. Do you need to change your target library? Try changing the 'lib' compiler option to 'es2018' or later.
node_modules/@formatjs/ecma402-abstract/utils.d.ts(28,115): error TS2694: Namespace 'Intl' has no exported member 'PluralRules'.
node_modules/@formatjs/ecma402-abstract/utils.d.ts(29,88): error TS2339: Property 'Locale' does not exist on type 'typeof Intl'.
node_modules/@formatjs/ecma402-abstract/utils.d.ts(29,105): error TS2694: Namespace 'Intl' has no exported member 'Locale'.
node_modules/@formatjs/ecma402-abstract/utils.d.ts(30,92): error TS2339: Property 'ListFormat' does not exist on type 'typeof Intl'.
node_modules/@formatjs/ecma402-abstract/utils.d.ts(30,113): error TS2694: Namespace 'Intl' has no exported member 'ListFormat'.
node_modules/@formatjs/icu-messageformat-parser/parser.d.ts(36,19): error TS2694: Namespace 'Intl' has no exported member 'Locale'.
node_modules/@formatjs/icu-messageformat-parser/types.d.ts(85,22): error TS2694: Namespace 'Intl' has no exported member 'PluralRulesOptions'.
node_modules/@heroui/calendar/dist/use-calendar-base.d.ts(6,43): error TS2307: Cannot find module '@heroui/system/src/types' or its corresponding type declarations.
node_modules/@heroui/form/dist/base-form.d.ts(3,8): error TS1259: Module '"D:/Coding/dashboard-tailwind/node_modules/@types/react/index"' can only be default-imported using the 'esModuleInterop' flag
node_modules/@heroui/navbar/dist/navbar-menu.d.ts(4,8): error TS1259: Module '"D:/Coding/dashboard-tailwind/node_modules/@types/react/index"' can only be default-imported using the 'esModuleInterop' flag
node_modules/@heroui/popover/dist/popover-trigger.d.ts(2,8): error TS1259: Module '"D:/Coding/dashboard-tailwind/node_modules/@types/react/index"' can only be default-imported using the 'esModuleInterop' flag
node_modules/@heroui/react-rsc-utils/dist/dom-props.d.ts(1,29): error TS2583: Cannot find name 'Set'. Do you need to change your target library? Try changing the 'lib' compiler option to 'es2015' or later.
node_modules/@heroui/react-rsc-utils/dist/dom-props.d.ts(2,30): error TS2583: Cannot find name 'Set'. Do you need to change your target library? Try changing the 'lib' compiler option to 'es2015' or later.
node_modules/@heroui/react-rsc-utils/dist/filter-dom-props.d.ts(15,17): error TS2583: Cannot find name 'Set'. Do you need to change your target library? Try changing the 'lib' compiler option to 'es2015' or later.
node_modules/@heroui/react-rsc-utils/dist/filter-dom-props.d.ts(19,21): error TS2583: Cannot find name 'Set'. Do you need to change your target library? Try changing the 'lib' compiler option to 'es2015' or later.
node_modules/@heroui/react-rsc-utils/dist/filter-dom-props.d.ts(23,22): error TS2583: Cannot find name 'Set'. Do you need to change your target library? Try changing the 'lib' compiler option to 'es2015' or later.
node_modules/@heroui/ripple/dist/use-ripple.d.ts(1,8): error TS1259: Module '"D:/Coding/dashboard-tailwind/node_modules/@types/react/index"' can only be default-imported using the 'esModuleInterop' flag
node_modules/@heroui/select/dist/hidden-select.d.ts(3,8): error TS1259: Module '"D:/Coding/dashboard-tailwind/node_modules/@types/react/index"' can only be default-imported using the 'esModuleInterop' flag
node_modules/@heroui/select/dist/use-select.d.ts(137,27): error TS2583: Cannot find name 'WeakMap'. Do you need to change your target library? Try changing the 'lib' compiler option to 'es2015' or later.
node_modules/@heroui/shared-utils/dist/common/ra.d.ts(18,28): error TS2583: Cannot find name 'Map'. Do you need to change your target library? Try changing the 'lib' compiler option to 'es2015' or later.
node_modules/@heroui/spinner/dist/use-spinner.d.ts(1,43): error TS2307: Cannot find module '@heroui/system/src/types' or its corresponding type declarations.
node_modules/@heroui/system-rsc/dist/extend-variants.d.ts(22,15): error TS2322: Type 'CP[K]' is not assignable to type 'string | number | symbol'.
  Type 'CP[keyof CP]' is not assignable to type 'string | number | symbol'.
    Type 'CP[string] | CP[number] | CP[symbol]' is not assignable to type 'string | number | symbol'.
      Type 'CP[string]' is not assignable to type 'string | number | symbol'.
node_modules/@heroui/theme/dist/components/accordion.d.ts(44,23): error TS2344: Type 'unknown' does not satisfy the constraint '{ [key: string]: { [key: string]: ClassNameValue; }; }'.
  Index signature for type 'string' is missing in type '{}'.
node_modules/@heroui/theme/dist/components/accordion.d.ts(223,15): error TS2344: Type 'unknown' does not satisfy the constraint '{ [key: string]: { [key: string]: ClassNameValue; }; }'.
  Index signature for type 'string' is missing in type '{}'.
node_modules/@heroui/theme/dist/components/alert.d.ts(207,15): error TS2344: Type 'unknown' does not satisfy the constraint '{ [key: string]: { [key: string]: ClassNameValue; }; }'.
  Index signature for type 'string' is missing in type '{}'.
node_modules/@heroui/theme/dist/components/autocomplete.d.ts(91,15): error TS2344: Type 'unknown' does not satisfy the constraint '{ [key: string]: { [key: string]: ClassNameValue; }; }'.
  Index signature for type 'string' is missing in type '{}'.
node_modules/@heroui/theme/dist/components/avatar.d.ts(262,15): error TS2344: Type 'unknown' does not satisfy the constraint '{ [key: string]: { [key: string]: ClassNameValue; }; }'.
  Index signature for type 'string' is missing in type '{}'.
node_modules/@heroui/theme/dist/components/avatar.d.ts(294,15): error TS2344: Type 'unknown' does not satisfy the constraint '{ [key: string]: { [key: string]: ClassNameValue; }; }'.
  Index signature for type 'string' is missing in type '{}'.
node_modules/@heroui/theme/dist/components/badge.d.ts(219,15): error TS2344: Type 'unknown' does not satisfy the constraint '{ [key: string]: { [key: string]: ClassNameValue; }; }'.
  Index signature for type 'string' is missing in type '{}'.
node_modules/@heroui/theme/dist/components/breadcrumbs.d.ts(254,15): error TS2344: Type 'unknown' does not satisfy the constraint '{ [key: string]: { [key: string]: ClassNameValue; }; }'.
  Index signature for type 'string' is missing in type '{}'.
node_modules/@heroui/theme/dist/components/breadcrumbs.d.ts(373,15): error TS2344: Type 'unknown' does not satisfy the constraint '{ [key: string]: { [key: string]: ClassNameValue; }; }'.
  Index signature for type 'string' is missing in type '{}'.
node_modules/@heroui/theme/dist/components/button.d.ts(161,25): error TS2344: Type 'unknown' does not satisfy the constraint '{ [key: string]: { [key: string]: ClassNameValue; }; }'.
  Index signature for type 'string' is missing in type '{}'.
node_modules/@heroui/theme/dist/components/button.d.ts(184,65): error TS2344: Type 'unknown' does not satisfy the constraint '{ [key: string]: { [key: string]: ClassNameValue; }; }'.
  Index signature for type 'string' is missing in type '{}'.
node_modules/@heroui/theme/dist/components/calendar.d.ts(274,15): error TS2344: Type 'unknown' does not satisfy the constraint '{ [key: string]: { [key: string]: ClassNameValue; }; }'.
  Index signature for type 'string' is missing in type '{}'.
node_modules/@heroui/theme/dist/components/card.d.ts(252,15): error TS2344: Type 'unknown' does not satisfy the constraint '{ [key: string]: { [key: string]: ClassNameValue; }; }'.
  Index signature for type 'string' is missing in type '{}'.
node_modules/@heroui/theme/dist/components/checkbox.d.ts(287,15): error TS2344: Type 'unknown' does not satisfy the constraint '{ [key: string]: { [key: string]: ClassNameValue; }; }'.
  Index signature for type 'string' is missing in type '{}'.
node_modules/@heroui/theme/dist/components/checkbox.d.ts(370,15): error TS2344: Type 'unknown' does not satisfy the constraint '{ [key: string]: { [key: string]: ClassNameValue; }; }'.
  Index signature for type 'string' is missing in type '{}'.
node_modules/@heroui/theme/dist/components/chip.d.ts(336,15): error TS2344: Type 'unknown' does not satisfy the constraint '{ [key: string]: { [key: string]: ClassNameValue; }; }'.
  Index signature for type 'string' is missing in type '{}'.
node_modules/@heroui/theme/dist/components/code.d.ts(77,25): error TS2344: Type 'unknown' does not satisfy the constraint '{ [key: string]: { [key: string]: ClassNameValue; }; }'.
  Index signature for type 'string' is missing in type '{}'.
node_modules/@heroui/theme/dist/components/date-input.d.ts(387,15): error TS2344: Type 'unknown' does not satisfy the constraint '{ [key: string]: { [key: string]: ClassNameValue; }; }'.
  Index signature for type 'string' is missing in type '{}'.
node_modules/@heroui/theme/dist/components/date-picker.d.ts(67,35): error TS2344: Type 'unknown' does not satisfy the constraint '{ [key: string]: { [key: string]: ClassNameValue | SlotsClassValue<{ base: string; selectorButton: string; selectorIcon: string; popoverContent: string; calendar: string; calendarContent: string; timeInputLabel: string; timeInput: string; }, undefined>; }; }'.
  Index signature for type 'string' is missing in type '{}'.
node_modules/@heroui/theme/dist/components/date-picker.d.ts(201,35): error TS2344: Type 'unknown' does not satisfy the constraint '{ [key: string]: { [key: string]: ClassNameValue | SlotsClassValue<{ base: string; selectorButton: string; selectorIcon: string; popoverContent: string; calendar: string; calendarContent: string; timeInputLabel: string; timeInput: string; }, undefined>; }; }'.
  Index signature for type 'string' is missing in type '{}'.
node_modules/@heroui/theme/dist/components/divider.d.ts(28,50): error TS2344: Type 'unknown' does not satisfy the constraint '{ [key: string]: { [key: string]: ClassNameValue; }; }'.
  Index signature for type 'string' is missing in type '{}'.
node_modules/@heroui/theme/dist/components/drawer.d.ts(166,15): error TS2344: Type 'unknown' does not satisfy the constraint '{ [key: string]: { [key: string]: ClassNameValue; }; }'.
  Index signature for type 'string' is missing in type '{}'.
node_modules/@heroui/theme/dist/components/drip.d.ts(11,168): error TS2344: Type 'unknown' does not satisfy the constraint '{ [key: string]: { [key: string]: ClassNameValue; }; }'.
  Index signature for type 'string' is missing in type '{}'.
node_modules/@heroui/theme/dist/components/dropdown.d.ts(19,172): error TS2344: Type 'unknown' does not satisfy the constraint '{ [key: string]: { [key: string]: ClassNameValue; }; }'.
  Index signature for type 'string' is missing in type '{}'.
node_modules/@heroui/theme/dist/components/dropdown.d.ts(177,15): error TS2344: Type 'unknown' does not satisfy the constraint '{ [key: string]: { [key: string]: ClassNameValue; }; }'.
  Index signature for type 'string' is missing in type '{}'.
node_modules/@heroui/theme/dist/components/dropdown.d.ts(229,35): error TS2344: Type 'unknown' does not satisfy the constraint '{ [key: string]: { [key: string]: ClassNameValue | SlotsClassValue<{ base: string; heading: string; group: string; divider: string; }, undefined>; }; }'.
  Index signature for type 'string' is missing in type '{}'.
node_modules/@heroui/theme/dist/components/dropdown.d.ts(241,228): error TS2344: Type 'unknown' does not satisfy the constraint '{ [key: string]: { [key: string]: ClassNameValue; }; }'.
  Index signature for type 'string' is missing in type '{}'.
node_modules/@heroui/theme/dist/components/form.d.ts(16,218): error TS2344: Type 'unknown' does not satisfy the constraint '{ [key: string]: { [key: string]: ClassNameValue; }; }'.
  Index signature for type 'string' is missing in type '{}'.
node_modules/@heroui/theme/dist/components/image.d.ts(170,15): error TS2344: Type 'unknown' does not satisfy the constraint '{ [key: string]: { [key: string]: ClassNameValue; }; }'.
  Index signature for type 'string' is missing in type '{}'.
node_modules/@heroui/theme/dist/components/input-otp.d.ts(277,15): error TS2344: Type 'unknown' does not satisfy the constraint '{ [key: string]: { [key: string]: ClassNameValue; }; }'.
  Index signature for type 'string' is missing in type '{}'.
node_modules/@heroui/theme/dist/components/input.d.ts(454,15): error TS2344: Type 'unknown' does not satisfy the constraint '{ [key: string]: { [key: string]: ClassNameValue; }; }'.
  Index signature for type 'string' is missing in type '{}'.
node_modules/@heroui/theme/dist/components/kbd.d.ts(46,15): error TS2344: Type 'unknown' does not satisfy the constraint '{ [key: string]: { [key: string]: ClassNameValue; }; }'.
  Index signature for type 'string' is missing in type '{}'.
node_modules/@heroui/theme/dist/components/link.d.ts(103,25): error TS2344: Type 'unknown' does not satisfy the constraint '{ [key: string]: { [key: string]: ClassNameValue; }; }'.
  Index signature for type 'string' is missing in type '{}'.
node_modules/@heroui/theme/dist/components/menu.d.ts(43,35): error TS2344: Type 'unknown' does not satisfy the constraint '{ [key: string]: { [key: string]: ClassNameValue | SlotsClassValue<{ base: string; list: string; emptyContent: string[]; }, undefined>; }; }'.
  Index signature for type 'string' is missing in type '{}'.
node_modules/@heroui/theme/dist/components/menu.d.ts(259,15): error TS2344: Type 'unknown' does not satisfy the constraint '{ [key: string]: { [key: string]: ClassNameValue; }; }'.
  Index signature for type 'string' is missing in type '{}'.
node_modules/@heroui/theme/dist/components/menu.d.ts(311,35): error TS2344: Type 'unknown' does not satisfy the constraint '{ [key: string]: { [key: string]: ClassNameValue | SlotsClassValue<{ base: string; heading: string; group: string; divider: string; }, undefined>; }; }'.
  Index signature for type 'string' is missing in type '{}'.
node_modules/@heroui/theme/dist/components/modal.d.ts(376,15): error TS2344: Type 'unknown' does not satisfy the constraint '{ [key: string]: { [key: string]: ClassNameValue; }; }'.
  Index signature for type 'string' is missing in type '{}'.
node_modules/@heroui/theme/dist/components/navbar.d.ts(242,15): error TS2344: Type 'unknown' does not satisfy the constraint '{ [key: string]: { [key: string]: ClassNameValue; }; }'.
  Index signature for type 'string' is missing in type '{}'.
node_modules/@heroui/theme/dist/components/number-input.d.ts(472,15): error TS2344: Type 'unknown' does not satisfy the constraint '{ [key: string]: { [key: string]: ClassNameValue; }; }'.
  Index signature for type 'string' is missing in type '{}'.
node_modules/@heroui/theme/dist/components/pagination.d.ts(278,15): error TS2344: Type 'unknown' does not satisfy the constraint '{ [key: string]: { [key: string]: ClassNameValue; }; }'.
  Index signature for type 'string' is missing in type '{}'.
node_modules/@heroui/theme/dist/components/popover.d.ts(335,15): error TS2344: Type 'unknown' does not satisfy the constraint '{ [key: string]: { [key: string]: ClassNameValue; }; }'.
  Index signature for type 'string' is missing in type '{}'.
node_modules/@heroui/theme/dist/components/progress.d.ts(286,15): error TS2344: Type 'unknown' does not satisfy the constraint '{ [key: string]: { [key: string]: ClassNameValue; }; }'.
  Index signature for type 'string' is missing in type '{}'.
node_modules/@heroui/theme/dist/components/progress.d.ts(492,15): error TS2344: Type 'unknown' does not satisfy the constraint '{ [key: string]: { [key: string]: ClassNameValue; }; }'.
  Index signature for type 'string' is missing in type '{}'.
node_modules/@heroui/theme/dist/components/radio.d.ts(266,15): error TS2344: Type 'unknown' does not satisfy the constraint '{ [key: string]: { [key: string]: ClassNameValue; }; }'.
  Index signature for type 'string' is missing in type '{}'.
node_modules/@heroui/theme/dist/components/radio.d.ts(349,15): error TS2344: Type 'unknown' does not satisfy the constraint '{ [key: string]: { [key: string]: ClassNameValue; }; }'.
  Index signature for type 'string' is missing in type '{}'.
node_modules/@heroui/theme/dist/components/scroll-shadow.d.ts(42,24): error TS2344: Type 'unknown' does not satisfy the constraint '{ [key: string]: { [key: string]: ClassNameValue; }; }'.
  Index signature for type 'string' is missing in type '{}'.
node_modules/@heroui/theme/dist/components/select.d.ts(526,15): error TS2344: Type 'unknown' does not satisfy the constraint '{ [key: string]: { [key: string]: ClassNameValue; }; }'.
  Index signature for type 'string' is missing in type '{}'.
node_modules/@heroui/theme/dist/components/skeleton.d.ts(56,15): error TS2344: Type 'unknown' does not satisfy the constraint '{ [key: string]: { [key: string]: ClassNameValue; }; }'.
  Index signature for type 'string' is missing in type '{}'.
node_modules/@heroui/theme/dist/components/slider.d.ts(478,15): error TS2344: Type 'unknown' does not satisfy the constraint '{ [key: string]: { [key: string]: ClassNameValue; }; }'.
  Index signature for type 'string' is missing in type '{}'.
node_modules/@heroui/theme/dist/components/snippet.d.ts(202,15): error TS2344: Type 'unknown' does not satisfy the constraint '{ [key: string]: { [key: string]: ClassNameValue; }; }'.
  Index signature for type 'string' is missing in type '{}'.
node_modules/@heroui/theme/dist/components/spacer.d.ts(28,41): error TS2344: Type 'unknown' does not satisfy the constraint '{ [key: string]: { [key: string]: ClassNameValue; }; }'.
  Index signature for type 'string' is missing in type '{}'.
node_modules/@heroui/theme/dist/components/spinner.d.ts(394,15): error TS2344: Type 'unknown' does not satisfy the constraint '{ [key: string]: { [key: string]: ClassNameValue; }; }'.
  Index signature for type 'string' is missing in type '{}'.
node_modules/@heroui/theme/dist/components/table.d.ts(423,15): error TS2344: Type 'unknown' does not satisfy the constraint '{ [key: string]: { [key: string]: ClassNameValue; }; }'.
  Index signature for type 'string' is missing in type '{}'.
node_modules/@heroui/theme/dist/components/tabs.d.ts(342,15): error TS2344: Type 'unknown' does not satisfy the constraint '{ [key: string]: { [key: string]: ClassNameValue; }; }'.
  Index signature for type 'string' is missing in type '{}'.
node_modules/@heroui/theme/dist/components/toast.d.ts(37,15): error TS2344: Type 'unknown' does not satisfy the constraint '{ [key: string]: { [key: string]: ClassNameValue; }; }'.
  Index signature for type 'string' is missing in type '{}'.
node_modules/@heroui/theme/dist/components/toast.d.ts(323,15): error TS2344: Type 'unknown' does not satisfy the constraint '{ [key: string]: { [key: string]: ClassNameValue; }; }'.
  Index signature for type 'string' is missing in type '{}'.
node_modules/@heroui/theme/dist/components/toggle.d.ts(239,15): error TS2344: Type 'unknown' does not satisfy the constraint '{ [key: string]: { [key: string]: ClassNameValue; }; }'.
  Index signature for type 'string' is missing in type '{}'.
node_modules/@heroui/theme/dist/components/user.d.ts(55,35): error TS2344: Type 'unknown' does not satisfy the constraint '{ [key: string]: { [key: string]: ClassNameValue | SlotsClassValue<{ base: string[]; wrapper: string; name: string; description: string; }, undefined>; }; }'.
  Index signature for type 'string' is missing in type '{}'.
node_modules/@heroui/theme/dist/plugin.d.ts(2,20): error TS2307: Cannot find module 'tailwindcss/plugin.js' or its corresponding type declarations.
  There are types at 'D:/Coding/dashboard-tailwind/node_modules/tailwindcss/dist/plugin.d.mts', but this result could not be resolved under your current 'moduleResolution' setting. Consider updating to 'node16', 'nodenext', or 'bundler'.
node_modules/@heroui/use-aria-multiselect/dist/use-multiselect-list-state.d.ts(9,19): error TS2583: Cannot find name 'Set'. Do you need to change your target library? Try changing the 'lib' compiler option to 'es2015' or later.
node_modules/@heroui/use-aria-multiselect/dist/use-multiselect-list-state.d.ts(11,27): error TS2304: Cannot find name 'Iterable'.
node_modules/@internationalized/date/dist/types.d.ts(160,5): error TS18028: Private identifiers are only available when targeting ECMAScript 2015 and higher.
node_modules/@internationalized/date/dist/types.d.ts(201,5): error TS18028: Private identifiers are only available when targeting ECMAScript 2015 and higher.
node_modules/@internationalized/date/dist/types.d.ts(231,5): error TS18028: Private identifiers are only available when targeting ECMAScript 2015 and higher.
node_modules/@internationalized/date/dist/types.d.ts(280,5): error TS18028: Private identifiers are only available when targeting ECMAScript 2015 and higher.
node_modules/@internationalized/date/dist/types.d.ts(636,44): error TS2724: 'Intl' has no exported member named 'DateTimeFormatPart'. Did you mean 'DateTimeFormat'?
node_modules/@internationalized/date/dist/types.d.ts(645,38): error TS2724: 'Intl' has no exported member named 'DateTimeFormatPart'. Did you mean 'DateTimeFormat'?
node_modules/@internationalized/number/dist/types.d.ts(5,46): error TS2724: 'Intl' has no exported member named 'NumberFormatPart'. Did you mean 'NumberFormat'?
node_modules/@internationalized/number/dist/types.d.ts(16,40): error TS2724: 'Intl' has no exported member named 'NumberFormatPart'. Did you mean 'NumberFormat'?
node_modules/@internationalized/string/dist/types.d.ts(27,90): error TS2694: Namespace 'Intl' has no exported member 'PluralRuleType'.
node_modules/@react-aria/datepicker/dist/types.d.ts(4,8): error TS1259: Module '"D:/Coding/dashboard-tailwind/node_modules/@types/react/index"' can only be default-imported using the 'esModuleInterop' flag
node_modules/@react-aria/datepicker/dist/types.d.ts(63,19): error TS2694: Namespace 'Intl' has no exported member 'DateTimeFormatPartTypes'.
node_modules/@react-aria/grid/dist/types.d.ts(9,19): error TS2583: Cannot find name 'Set'. Do you need to change your target library? Try changing the 'lib' compiler option to 'es2015' or later.
node_modules/@react-aria/grid/dist/types.d.ts(21,29): error TS2583: Cannot find name 'Set'. Do you need to change your target library? Try changing the 'lib' compiler option to 'es2015' or later.
node_modules/@react-aria/grid/dist/types.d.ts(65,19): error TS2583: Cannot find name 'Set'. Do you need to change your target library? Try changing the 'lib' compiler option to 'es2015' or later.
node_modules/@react-aria/i18n/dist/types.d.ts(56,49): error TS2694: Namespace 'Intl' has no exported member 'ListFormatOptions'.
node_modules/@react-aria/i18n/dist/types.d.ts(56,74): error TS2694: Namespace 'Intl' has no exported member 'ListFormat'.
node_modules/@react-aria/interactions/dist/types.d.ts(2,8): error TS1259: Module '"D:/Coding/dashboard-tailwind/node_modules/@types/react/index"' can only be default-imported using the 'esModuleInterop' flag
node_modules/@react-aria/listbox/dist/types.d.ts(15,24): error TS2583: Cannot find name 'WeakMap'. Do you need to change your target library? Try changing the 'lib' compiler option to 'es2015' or later.
node_modules/@react-aria/overlays/dist/types.d.ts(5,8): error TS1259: Module '"D:/Coding/dashboard-tailwind/node_modules/@types/react/index"' can only be default-imported using the 'esModuleInterop' flag
node_modules/@react-aria/selection/dist/types.d.ts(208,20): error TS2583: Cannot find name 'Set'. Do you need to change your target library? Try changing the 'lib' compiler option to 'es2015' or later.
node_modules/@react-aria/selection/dist/types.d.ts(213,64): error TS2583: Cannot find name 'Set'. Do you need to change your target library? Try changing the 'lib' compiler option to 'es2015' or later.
node_modules/@react-aria/selection/dist/types.d.ts(245,19): error TS2583: Cannot find name 'Set'. Do you need to change your target library? Try changing the 'lib' compiler option to 'es2015' or later.
node_modules/@react-aria/table/dist/types.d.ts(141,30): error TS2583: Cannot find name 'Map'. Do you need to change your target library? Try changing the 'lib' compiler option to 'es2015' or later.
node_modules/@react-aria/table/dist/types.d.ts(143,25): error TS2583: Cannot find name 'Map'. Do you need to change your target library? Try changing the 'lib' compiler option to 'es2015' or later.
node_modules/@react-aria/table/dist/types.d.ts(145,28): error TS2583: Cannot find name 'Map'. Do you need to change your target library? Try changing the 'lib' compiler option to 'es2015' or later.
node_modules/@react-stately/collections/dist/types.d.ts(15,24): error TS2304: Cannot find name 'IterableIterator'.
node_modules/@react-stately/collections/dist/types.d.ts(22,66): error TS2304: Cannot find name 'Iterable'.
node_modules/@react-stately/collections/dist/types.d.ts(27,67): error TS2304: Cannot find name 'Iterable'.
node_modules/@react-stately/collections/dist/types.d.ts(29,83): error TS2304: Cannot find name 'Iterable'.
node_modules/@react-stately/collections/dist/types.d.ts(30,43): error TS2304: Cannot find name 'Iterable'.
node_modules/@react-stately/collections/dist/types.d.ts(31,41): error TS2304: Cannot find name 'Iterable'.
node_modules/@react-stately/collections/dist/types.d.ts(32,42): error TS2304: Cannot find name 'Iterable'.
node_modules/@react-stately/grid/dist/types.d.ts(7,19): error TS2583: Cannot find name 'Set'. Do you need to change your target library? Try changing the 'lib' compiler option to 'es2015' or later.
node_modules/@react-stately/grid/dist/types.d.ts(15,20): error TS2304: Cannot find name 'Iterable'.
node_modules/@react-stately/grid/dist/types.d.ts(30,13): error TS2583: Cannot find name 'Map'. Do you need to change your target library? Try changing the 'lib' compiler option to 'es2015' or later.
node_modules/@react-stately/grid/dist/types.d.ts(34,6): error TS2585: 'Symbol' only refers to a type, but is being used as a value here. Do you need to change your target library? Try changing the 'lib' compiler option to es2015 or later.
node_modules/@react-stately/grid/dist/types.d.ts(34,26): error TS2304: Cannot find name 'IterableIterator'.
node_modules/@react-stately/grid/dist/types.d.ts(36,16): error TS2304: Cannot find name 'IterableIterator'.
node_modules/@react-stately/grid/dist/types.d.ts(43,28): error TS2304: Cannot find name 'Iterable'.
node_modules/@react-stately/list/dist/types.d.ts(4,24): error TS2304: Cannot find name 'Iterable'.
node_modules/@react-stately/list/dist/types.d.ts(5,6): error TS2585: 'Symbol' only refers to a type, but is being used as a value here. Do you need to change your target library? Try changing the 'lib' compiler option to es2015 or later.
node_modules/@react-stately/list/dist/types.d.ts(5,26): error TS2304: Cannot find name 'IterableIterator'.
node_modules/@react-stately/list/dist/types.d.ts(7,16): error TS2304: Cannot find name 'IterableIterator'.
node_modules/@react-stately/list/dist/types.d.ts(14,28): error TS2304: Cannot find name 'Iterable'.
node_modules/@react-stately/list/dist/types.d.ts(18,22): error TS2304: Cannot find name 'Iterable'.
node_modules/@react-stately/list/dist/types.d.ts(18,44): error TS2304: Cannot find name 'Iterable'.
node_modules/@react-stately/list/dist/types.d.ts(31,19): error TS2583: Cannot find name 'Set'. Do you need to change your target library? Try changing the 'lib' compiler option to 'es2015' or later.
node_modules/@react-stately/list/dist/types.d.ts(46,22): error TS2304: Cannot find name 'Iterable'.
node_modules/@react-stately/list/dist/types.d.ts(46,44): error TS2304: Cannot find name 'Iterable'.
node_modules/@react-stately/selection/dist/types.d.ts(36,28): error TS2583: Cannot find name 'Set'. Do you need to change your target library? Try changing the 'lib' compiler option to 'es2015' or later.
node_modules/@react-stately/selection/dist/types.d.ts(48,28): error TS2583: Cannot find name 'Set'. Do you need to change your target library? Try changing the 'lib' compiler option to 'es2015' or later.
node_modules/@react-stately/selection/dist/types.d.ts(58,28): error TS2583: Cannot find name 'Set'. Do you need to change your target library? Try changing the 'lib' compiler option to 'es2015' or later.
node_modules/@react-stately/selection/dist/types.d.ts(64,33): error TS2583: Cannot find name 'Set'. Do you need to change your target library? Try changing the 'lib' compiler option to 'es2015' or later.
node_modules/@react-stately/selection/dist/types.d.ts(72,27): error TS2304: Cannot find name 'Iterable'.
node_modules/@react-stately/selection/dist/types.d.ts(156,25): error TS2583: Cannot find name 'Set'. Do you need to change your target library? Try changing the 'lib' compiler option to 'es2015' or later.
node_modules/@react-stately/selection/dist/types.d.ts(176,25): error TS2583: Cannot find name 'Set'. Do you need to change your target library? Try changing the 'lib' compiler option to 'es2015' or later.
node_modules/@react-stately/selection/dist/types.d.ts(193,27): error TS2304: Cannot find name 'Iterable'.
node_modules/@react-stately/selection/dist/types.d.ts(210,33): error TS2583: Cannot find name 'Set'. Do you need to change your target library? Try changing the 'lib' compiler option to 'es2015' or later.
node_modules/@react-stately/table/dist/types.d.ts(14,19): error TS2583: Cannot find name 'Map'. Do you need to change your target library? Try changing the 'lib' compiler option to 'es2015' or later.
node_modules/@react-stately/table/dist/types.d.ts(15,22): error TS2583: Cannot find name 'Map'. Do you need to change your target library? Try changing the 'lib' compiler option to 'es2015' or later.
node_modules/@react-stately/table/dist/types.d.ts(16,22): error TS2583: Cannot find name 'Map'. Do you need to change your target library? Try changing the 'lib' compiler option to 'es2015' or later.
node_modules/@react-stately/table/dist/types.d.ts(19,78): error TS2583: Cannot find name 'Map'. Do you need to change your target library? Try changing the 'lib' compiler option to 'es2015' or later.
node_modules/@react-stately/table/dist/types.d.ts(19,101): error TS2583: Cannot find name 'Map'. Do you need to change your target library? Try changing the 'lib' compiler option to 'es2015' or later.
node_modules/@react-stately/table/dist/types.d.ts(21,71): error TS2583: Cannot find name 'Map'. Do you need to change your target library? Try changing the 'lib' compiler option to 'es2015' or later.
node_modules/@react-stately/table/dist/types.d.ts(21,114): error TS2583: Cannot find name 'Map'. Do you need to change your target library? Try changing the 'lib' compiler option to 'es2015' or later.
node_modules/@react-stately/table/dist/types.d.ts(21,156): error TS2583: Cannot find name 'Map'. Do you need to change your target library? Try changing the 'lib' compiler option to 'es2015' or later.
node_modules/@react-stately/table/dist/types.d.ts(21,180): error TS2583: Cannot find name 'Map'. Do you need to change your target library? Try changing the 'lib' compiler option to 'es2015' or later.
node_modules/@react-stately/table/dist/types.d.ts(23,55): error TS2583: Cannot find name 'Map'. Do you need to change your target library? Try changing the 'lib' compiler option to 'es2015' or later.
node_modules/@react-stately/table/dist/types.d.ts(23,79): error TS2583: Cannot find name 'Map'. Do you need to change your target library? Try changing the 'lib' compiler option to 'es2015' or later.
node_modules/@react-stately/table/dist/types.d.ts(27,77): error TS2583: Cannot find name 'Map'. Do you need to change your target library? Try changing the 'lib' compiler option to 'es2015' or later.
node_modules/@react-stately/table/dist/types.d.ts(27,125): error TS2583: Cannot find name 'Map'. Do you need to change your target library? Try changing the 'lib' compiler option to 'es2015' or later.
node_modules/@react-stately/table/dist/types.d.ts(28,85): error TS2583: Cannot find name 'Map'. Do you need to change your target library? Try changing the 'lib' compiler option to 'es2015' or later.
node_modules/@react-stately/table/dist/types.d.ts(28,108): error TS2583: Cannot find name 'Map'. Do you need to change your target library? Try changing the 'lib' compiler option to 'es2015' or later.
node_modules/@react-stately/table/dist/types.d.ts(35,44): error TS2583: Cannot find name 'Map'. Do you need to change your target library? Try changing the 'lib' compiler option to 'es2015' or later.
node_modules/@react-stately/table/dist/types.d.ts(39,26): error TS2583: Cannot find name 'Set'. Do you need to change your target library? Try changing the 'lib' compiler option to 'es2015' or later.
node_modules/@react-stately/table/dist/types.d.ts(42,24): error TS2304: Cannot find name 'Iterable'.
node_modules/@react-stately/table/dist/types.d.ts(43,6): error TS2585: 'Symbol' only refers to a type, but is being used as a value here. Do you need to change your target library? Try changing the 'lib' compiler option to es2015 or later.
node_modules/@react-stately/table/dist/types.d.ts(43,26): error TS2304: Cannot find name 'IterableIterator'.
node_modules/@react-stately/table/dist/types.d.ts(45,16): error TS2304: Cannot find name 'IterableIterator'.
node_modules/@react-stately/table/dist/types.d.ts(52,28): error TS2304: Cannot find name 'Iterable'.
node_modules/@react-stately/table/dist/types.d.ts(79,20): error TS2304: Cannot find name 'Iterable'.
node_modules/@react-stately/table/dist/types.d.ts(116,56): error TS2583: Cannot find name 'Map'. Do you need to change your target library? Try changing the 'lib' compiler option to 'es2015' or later.
node_modules/@react-stately/table/dist/types.d.ts(132,19): error TS2583: Cannot find name 'Map'. Do you need to change your target library? Try changing the 'lib' compiler option to 'es2015' or later.
node_modules/@react-stately/table/dist/types.d.ts(144,27): error TS2583: Cannot find name 'Set'. Do you need to change your target library? Try changing the 'lib' compiler option to 'es2015' or later.
node_modules/@react-stately/table/dist/types.d.ts(148,13): error TS2583: Cannot find name 'Map'. Do you need to change your target library? Try changing the 'lib' compiler option to 'es2015' or later.
node_modules/@react-stately/table/dist/types.d.ts(154,37): error TS2304: Cannot find name 'Iterable'.
node_modules/@react-stately/table/dist/types.d.ts(156,44): error TS2304: Cannot find name 'Iterable'.
node_modules/@react-stately/table/dist/types.d.ts(158,40): error TS2583: Cannot find name 'Set'. Do you need to change your target library? Try changing the 'lib' compiler option to 'es2015' or later.
node_modules/@react-stately/toggle/dist/types.d.ts(27,20): error TS2304: Cannot find name 'Iterable'.
node_modules/@react-stately/toggle/dist/types.d.ts(29,27): error TS2304: Cannot find name 'Iterable'.
node_modules/@react-stately/toggle/dist/types.d.ts(31,32): error TS2583: Cannot find name 'Set'. Do you need to change your target library? Try changing the 'lib' compiler option to 'es2015' or later.
node_modules/@react-stately/toggle/dist/types.d.ts(41,28): error TS2583: Cannot find name 'Set'. Do you need to change your target library? Try changing the 'lib' compiler option to 'es2015' or later.
node_modules/@react-stately/toggle/dist/types.d.ts(47,27): error TS2583: Cannot find name 'Set'. Do you need to change your target library? Try changing the 'lib' compiler option to 'es2015' or later.
node_modules/@react-stately/tree/dist/types.d.ts(4,24): error TS2304: Cannot find name 'Iterable'.
node_modules/@react-stately/tree/dist/types.d.ts(5,24): error TS2583: Cannot find name 'Set'. Do you need to change your target library? Try changing the 'lib' compiler option to 'es2015' or later.
node_modules/@react-stately/tree/dist/types.d.ts(7,6): error TS2585: 'Symbol' only refers to a type, but is being used as a value here. Do you need to change your target library? Try changing the 'lib' compiler option to es2015 or later.
node_modules/@react-stately/tree/dist/types.d.ts(7,26): error TS2304: Cannot find name 'IterableIterator'.
node_modules/@react-stately/tree/dist/types.d.ts(9,16): error TS2304: Cannot find name 'IterableIterator'.
node_modules/@react-stately/tree/dist/types.d.ts(25,28): error TS2583: Cannot find name 'Set'. Do you need to change your target library? Try changing the 'lib' compiler option to 'es2015' or later.
node_modules/@react-stately/tree/dist/types.d.ts(27,28): error TS2583: Cannot find name 'Set'. Do you need to change your target library? Try changing the 'lib' compiler option to 'es2015' or later.
node_modules/@react-stately/tree/dist/types.d.ts(31,27): error TS2583: Cannot find name 'Set'. Do you need to change your target library? Try changing the 'lib' compiler option to 'es2015' or later.
node_modules/@react-stately/virtualizer/dist/types.d.ts(200,15): error TS2583: Cannot find name 'Set'. Do you need to change your target library? Try changing the 'lib' compiler option to 'es2015' or later.
node_modules/@react-stately/virtualizer/dist/types.d.ts(201,20): error TS2583: Cannot find name 'Map'. Do you need to change your target library? Try changing the 'lib' compiler option to 'es2015' or later.
node_modules/@react-stately/virtualizer/dist/types.d.ts(250,29): error TS2583: Cannot find name 'Set'. Do you need to change your target library? Try changing the 'lib' compiler option to 'es2015' or later.
node_modules/@react-stately/virtualizer/dist/types.d.ts(258,30): error TS2583: Cannot find name 'Map'. Do you need to change your target library? Try changing the 'lib' compiler option to 'es2015' or later.
node_modules/@react-stately/virtualizer/dist/types.d.ts(343,21): error TS2583: Cannot find name 'Set'. Do you need to change your target library? Try changing the 'lib' compiler option to 'es2015' or later.
node_modules/@react-stately/virtualizer/dist/types.d.ts(354,21): error TS2583: Cannot find name 'Set'. Do you need to change your target library? Try changing the 'lib' compiler option to 'es2015' or later.
node_modules/@react-types/combobox/src/index.d.ts(46,18): error TS2304: Cannot find name 'Iterable'.
node_modules/@react-types/combobox/src/index.d.ts(48,11): error TS2304: Cannot find name 'Iterable'.
node_modules/@react-types/grid/src/index.d.ts(25,15): error TS2304: Cannot find name 'Iterable'.
node_modules/@react-types/shared/src/collections.d.ts(27,16): error TS2304: Cannot find name 'Iterable'.
node_modules/@react-types/shared/src/collections.d.ts(51,11): error TS2304: Cannot find name 'Iterable'.
node_modules/@react-types/shared/src/collections.d.ts(62,11): error TS2304: Cannot find name 'Iterable'.
node_modules/@react-types/shared/src/collections.d.ts(64,18): error TS2304: Cannot find name 'Iterable'.
node_modules/@react-types/shared/src/collections.d.ts(74,18): error TS2304: Cannot find name 'Iterable'.
node_modules/@react-types/shared/src/collections.d.ts(76,25): error TS2304: Cannot find name 'Iterable'.
node_modules/@react-types/shared/src/collections.d.ts(78,29): error TS2583: Cannot find name 'Set'. Do you need to change your target library? Try changing the 'lib' compiler option to 'es2015' or later.
node_modules/@react-types/shared/src/collections.d.ts(154,40): error TS2304: Cannot find name 'Iterable'.
node_modules/@react-types/shared/src/collections.d.ts(159,14): error TS2304: Cannot find name 'Iterable'.
node_modules/@react-types/shared/src/collections.d.ts(180,27): error TS2304: Cannot find name 'Iterable'.
node_modules/@react-types/shared/src/collections.d.ts(204,15): error TS2304: Cannot find name 'Iterable'.
node_modules/@react-types/shared/src/dnd.d.ts(72,10): error TS2583: Cannot find name 'Set'. Do you need to change your target library? Try changing the 'lib' compiler option to 'es2015' or later.
node_modules/@react-types/shared/src/dnd.d.ts(96,17): error TS2583: Cannot find name 'AsyncIterable'. Do you need to change your target library? Try changing the 'lib' compiler option to 'es2018' or later.
node_modules/@react-types/shared/src/dnd.d.ts(181,9): error TS2583: Cannot find name 'Set'. Do you need to change your target library? Try changing the 'lib' compiler option to 'es2015' or later.
node_modules/@react-types/shared/src/dnd.d.ts(263,9): error TS2583: Cannot find name 'Set'. Do you need to change your target library? Try changing the 'lib' compiler option to 'es2015' or later.
node_modules/@react-types/shared/src/dnd.d.ts(268,9): error TS2583: Cannot find name 'Set'. Do you need to change your target library? Try changing the 'lib' compiler option to 'es2015' or later.
node_modules/@react-types/shared/src/dnd.d.ts(273,9): error TS2583: Cannot find name 'Set'. Do you need to change your target library? Try changing the 'lib' compiler option to 'es2015' or later.
node_modules/@react-types/shared/src/dnd.d.ts(288,20): error TS2583: Cannot find name 'Set'. Do you need to change your target library? Try changing the 'lib' compiler option to 'es2015' or later.
node_modules/@react-types/shared/src/selection.d.ts(28,33): error TS2583: Cannot find name 'Set'. Do you need to change your target library? Try changing the 'lib' compiler option to 'es2015' or later.
node_modules/@react-types/shared/src/selection.d.ts(35,26): error TS2304: Cannot find name 'Iterable'.
node_modules/@react-types/shared/src/selection.d.ts(37,33): error TS2304: Cannot find name 'Iterable'.
node_modules/@react-types/shared/src/selection.d.ts(41,18): error TS2304: Cannot find name 'Iterable'.
node_modules/@react-types/table/src/index.d.ts(32,18): error TS2304: Cannot find name 'Iterable'.
node_modules/@react-types/table/src/index.d.ts(69,28): error TS2583: Cannot find name 'Map'. Do you need to change your target library? Try changing the 'lib' compiler option to 'es2015' or later.
node_modules/@react-types/table/src/index.d.ts(75,23): error TS2583: Cannot find name 'Map'. Do you need to change your target library? Try changing the 'lib' compiler option to 'es2015' or later.
node_modules/@react-types/table/src/index.d.ts(80,26): error TS2583: Cannot find name 'Map'. Do you need to change your target library? Try changing the 'lib' compiler option to 'es2015' or later.
node_modules/@react-types/table/src/index.d.ts(141,11): error TS2304: Cannot find name 'Iterable'.
node_modules/@react-types/table/src/index.d.ts(153,25): error TS2304: Cannot find name 'Iterable'.
node_modules/@react-types/table/src/index.d.ts(182,24): error TS2583: Cannot find name 'Set'. Do you need to change your target library? Try changing the 'lib' compiler option to 'es2015' or later.
node_modules/@react-types/tabs/src/index.d.ts(67,11): error TS2304: Cannot find name 'Iterable'.
node_modules/@react-types/tabs/src/index.d.ts(69,18): error TS2304: Cannot find name 'Iterable'.
node_modules/@types/babel__template/index.d.ts(11,28): error TS2583: Cannot find name 'Set'. Do you need to change your target library? Try changing the 'lib' compiler option to 'es2015' or later.
node_modules/@types/babel__traverse/index.d.ts(63,15): error TS2583: Cannot find name 'WeakMap'. Do you need to change your target library? Try changing the 'lib' compiler option to 'es2015' or later.
node_modules/@types/babel__traverse/index.d.ts(63,31): error TS2583: Cannot find name 'Map'. Do you need to change your target library? Try changing the 'lib' compiler option to 'es2015' or later.
node_modules/@types/babel__traverse/index.d.ts(64,16): error TS2583: Cannot find name 'WeakMap'. Do you need to change your target library? Try changing the 'lib' compiler option to 'es2015' or later.
node_modules/@types/babel__traverse/index.d.ts(90,13): error TS2583: Cannot find name 'Map'. Do you need to change your target library? Try changing the 'lib' compiler option to 'es2015' or later.
node_modules/@types/d3-array/index.d.ts(58,31): error TS2304: Cannot find name 'Iterable'.
node_modules/@types/d3-array/index.d.ts(63,50): error TS2304: Cannot find name 'Iterable'.
node_modules/@types/d3-array/index.d.ts(68,15): error TS2304: Cannot find name 'Iterable'.
node_modules/@types/d3-array/index.d.ts(69,48): error TS2304: Cannot find name 'Iterable'.
node_modules/@types/d3-array/index.d.ts(75,15): error TS2304: Cannot find name 'Iterable'.
node_modules/@types/d3-array/index.d.ts(76,48): error TS2304: Cannot find name 'Iterable'.
node_modules/@types/d3-array/index.d.ts(82,36): error TS2304: Cannot find name 'Iterable'.
node_modules/@types/d3-array/index.d.ts(87,15): error TS2304: Cannot find name 'Iterable'.
node_modules/@types/d3-array/index.d.ts(88,53): error TS2304: Cannot find name 'Iterable'.
node_modules/@types/d3-array/index.d.ts(93,36): error TS2304: Cannot find name 'Iterable'.
node_modules/@types/d3-array/index.d.ts(98,31): error TS2304: Cannot find name 'Iterable'.
node_modules/@types/d3-array/index.d.ts(102,50): error TS2304: Cannot find name 'Iterable'.
node_modules/@types/d3-array/index.d.ts(107,15): error TS2304: Cannot find name 'Iterable'.
node_modules/@types/d3-array/index.d.ts(108,48): error TS2304: Cannot find name 'Iterable'.
node_modules/@types/d3-array/index.d.ts(114,15): error TS2304: Cannot find name 'Iterable'.
node_modules/@types/d3-array/index.d.ts(115,48): error TS2304: Cannot find name 'Iterable'.
node_modules/@types/d3-array/index.d.ts(121,36): error TS2304: Cannot find name 'Iterable'.
node_modules/@types/d3-array/index.d.ts(126,15): error TS2304: Cannot find name 'Iterable'.
node_modules/@types/d3-array/index.d.ts(127,53): error TS2304: Cannot find name 'Iterable'.
node_modules/@types/d3-array/index.d.ts(133,34): error TS2304: Cannot find name 'Iterable'.
node_modules/@types/d3-array/index.d.ts(137,53): error TS2304: Cannot find name 'Iterable'.
node_modules/@types/d3-array/index.d.ts(142,15): error TS2304: Cannot find name 'Iterable'.
node_modules/@types/d3-array/index.d.ts(143,48): error TS2304: Cannot find name 'Iterable'.
node_modules/@types/d3-array/index.d.ts(149,15): error TS2304: Cannot find name 'Iterable'.
node_modules/@types/d3-array/index.d.ts(150,48): error TS2304: Cannot find name 'Iterable'.
node_modules/@types/d3-array/index.d.ts(160,32): error TS2304: Cannot find name 'Iterable'.
node_modules/@types/d3-array/index.d.ts(169,15): error TS2304: Cannot find name 'Iterable'.
node_modules/@types/d3-array/index.d.ts(170,48): error TS2304: Cannot find name 'Iterable'.
node_modules/@types/d3-array/index.d.ts(176,31): error TS2304: Cannot find name 'Iterable'.
node_modules/@types/d3-array/index.d.ts(181,15): error TS2304: Cannot find name 'Iterable'.
node_modules/@types/d3-array/index.d.ts(182,48): error TS2304: Cannot find name 'Iterable'.
node_modules/@types/d3-array/index.d.ts(188,32): error TS2304: Cannot find name 'Iterable'.
node_modules/@types/d3-array/index.d.ts(193,15): error TS2304: Cannot find name 'Iterable'.
node_modules/@types/d3-array/index.d.ts(194,48): error TS2304: Cannot find name 'Iterable'.
node_modules/@types/d3-array/index.d.ts(200,34): error TS2304: Cannot find name 'Iterable'.
node_modules/@types/d3-array/index.d.ts(205,15): error TS2304: Cannot find name 'Iterable'.
node_modules/@types/d3-array/index.d.ts(206,46): error TS2304: Cannot find name 'Iterable'.
node_modules/@types/d3-array/index.d.ts(212,39): error TS2304: Cannot find name 'Iterable'.
node_modules/@types/d3-array/index.d.ts(217,15): error TS2304: Cannot find name 'Iterable'.
node_modules/@types/d3-array/index.d.ts(218,46): error TS2304: Cannot find name 'Iterable'.
node_modules/@types/d3-array/index.d.ts(227,34): error TS2304: Cannot find name 'Iterable'.
node_modules/@types/d3-array/index.d.ts(235,15): error TS2304: Cannot find name 'Iterable'.
node_modules/@types/d3-array/index.d.ts(236,46): error TS2304: Cannot find name 'Iterable'.
node_modules/@types/d3-array/index.d.ts(244,36): error TS2304: Cannot find name 'Iterable'.
node_modules/@types/d3-array/index.d.ts(251,15): error TS2304: Cannot find name 'Iterable'.
node_modules/@types/d3-array/index.d.ts(253,46): error TS2304: Cannot find name 'Iterable'.
node_modules/@types/d3-array/index.d.ts(259,41): error TS2304: Cannot find name 'Iterable'.
node_modules/@types/d3-array/index.d.ts(264,15): error TS2304: Cannot find name 'Iterable'.
node_modules/@types/d3-array/index.d.ts(266,46): error TS2304: Cannot find name 'Iterable'.
node_modules/@types/d3-array/index.d.ts(294,32): error TS2304: Cannot find name 'Iterable'.
node_modules/@types/d3-array/index.d.ts(303,15): error TS2304: Cannot find name 'Iterable'.
node_modules/@types/d3-array/index.d.ts(305,45): error TS2304: Cannot find name 'Iterable'.
node_modules/@types/d3-array/index.d.ts(315,36): error TS2304: Cannot find name 'Iterable'.
node_modules/@types/d3-array/index.d.ts(323,15): error TS2304: Cannot find name 'Iterable'.
node_modules/@types/d3-array/index.d.ts(324,48): error TS2304: Cannot find name 'Iterable'.
node_modules/@types/d3-array/index.d.ts(330,37): error TS2304: Cannot find name 'Iterable'.
node_modules/@types/d3-array/index.d.ts(336,15): error TS2304: Cannot find name 'Iterable'.
node_modules/@types/d3-array/index.d.ts(337,48): error TS2304: Cannot find name 'Iterable'.
node_modules/@types/d3-array/index.d.ts(344,30): error TS2304: Cannot find name 'Iterable'.
node_modules/@types/d3-array/index.d.ts(350,13): error TS2304: Cannot find name 'Iterable'.
node_modules/@types/d3-array/index.d.ts(351,48): error TS2304: Cannot find name 'Iterable'.
node_modules/@types/d3-array/index.d.ts(358,33): error TS2304: Cannot find name 'Iterable'.
node_modules/@types/d3-array/index.d.ts(364,13): error TS2304: Cannot find name 'Iterable'.
node_modules/@types/d3-array/index.d.ts(365,48): error TS2304: Cannot find name 'Iterable'.
node_modules/@types/d3-array/index.d.ts(394,36): error TS2304: Cannot find name 'Iterable'.
node_modules/@types/d3-array/index.d.ts(398,36): error TS2304: Cannot find name 'Iterable'.
node_modules/@types/d3-array/index.d.ts(403,38): error TS2304: Cannot find name 'Iterable'.
node_modules/@types/d3-array/index.d.ts(407,41): error TS2304: Cannot find name 'Iterable'.
node_modules/@types/d3-array/index.d.ts(412,41): error TS2304: Cannot find name 'Iterable'.
node_modules/@types/d3-array/index.d.ts(419,39): error TS2304: Cannot find name 'Iterable'.
node_modules/@types/d3-array/index.d.ts(425,39): error TS2304: Cannot find name 'Iterable'.
node_modules/@types/d3-array/index.d.ts(432,41): error TS2304: Cannot find name 'Iterable'.
node_modules/@types/d3-array/index.d.ts(438,44): error TS2304: Cannot find name 'Iterable'.
node_modules/@types/d3-array/index.d.ts(445,44): error TS2304: Cannot find name 'Iterable'.
node_modules/@types/d3-array/index.d.ts(511,15): error TS2304: Cannot find name 'Iterable'.
node_modules/@types/d3-array/index.d.ts(524,15): error TS2304: Cannot find name 'Iterable'.
node_modules/@types/d3-array/index.d.ts(537,15): error TS2304: Cannot find name 'Iterable'.
node_modules/@types/d3-array/index.d.ts(550,15): error TS2304: Cannot find name 'Iterable'.
node_modules/@types/d3-array/index.d.ts(563,15): error TS2304: Cannot find name 'Iterable'.
node_modules/@types/d3-array/index.d.ts(577,15): error TS2304: Cannot find name 'Iterable'.
node_modules/@types/d3-array/index.d.ts(592,15): error TS2304: Cannot find name 'Iterable'.
node_modules/@types/d3-array/index.d.ts(607,15): error TS2304: Cannot find name 'Iterable'.
node_modules/@types/d3-array/index.d.ts(619,15): error TS2304: Cannot find name 'Iterable'.
node_modules/@types/d3-array/index.d.ts(627,15): error TS2304: Cannot find name 'Iterable'.
node_modules/@types/d3-array/index.d.ts(638,33): error TS2304: Cannot find name 'Iterable'.
node_modules/@types/d3-array/index.d.ts(646,15): error TS2304: Cannot find name 'Iterable'.
node_modules/@types/d3-array/index.d.ts(672,5): error TS2370: A rest parameter must be of an array type.
node_modules/@types/d3-array/index.d.ts(672,37): error TS2304: Cannot find name 'Iterable'.
node_modules/@types/d3-array/index.d.ts(699,15): error TS2574: A rest element type must be an array type.
node_modules/@types/d3-array/index.d.ts(699,47): error TS2304: Cannot find name 'Iterable'.
node_modules/@types/d3-array/index.d.ts(705,37): error TS2304: Cannot find name 'Iterable'.
node_modules/@types/d3-array/index.d.ts(705,46): error TS2304: Cannot find name 'Iterable'.
node_modules/@types/d3-array/index.d.ts(713,36): error TS2304: Cannot find name 'Iterable'.
node_modules/@types/d3-array/index.d.ts(722,39): error TS2304: Cannot find name 'Iterable'.
node_modules/@types/d3-array/index.d.ts(731,64): error TS2304: Cannot find name 'Iterable'.
node_modules/@types/d3-array/index.d.ts(737,64): error TS2304: Cannot find name 'Iterable'.
node_modules/@types/d3-array/index.d.ts(869,15): error TS2304: Cannot find name 'Iterable'.
node_modules/@types/d3-array/index.d.ts(870,47): error TS2304: Cannot find name 'Iterable'.
node_modules/@types/d3-array/index.d.ts(879,15): error TS2304: Cannot find name 'Iterable'.
node_modules/@types/d3-array/index.d.ts(880,47): error TS2304: Cannot find name 'Iterable'.
node_modules/@types/d3-array/index.d.ts(888,15): error TS2304: Cannot find name 'Iterable'.
node_modules/@types/d3-array/index.d.ts(889,47): error TS2304: Cannot find name 'Iterable'.
node_modules/@types/d3-array/index.d.ts(896,37): error TS2304: Cannot find name 'Iterable'.
node_modules/@types/d3-array/index.d.ts(896,94): error TS2304: Cannot find name 'Iterable'.
node_modules/@types/d3-array/index.d.ts(903,15): error TS2304: Cannot find name 'Iterable'.
node_modules/@types/d3-array/index.d.ts(904,82): error TS2304: Cannot find name 'Iterable'.
node_modules/@types/d3-array/index.d.ts(912,15): error TS2304: Cannot find name 'Iterable'.
node_modules/@types/d3-array/index.d.ts(913,82): error TS2304: Cannot find name 'Iterable'.
node_modules/@types/d3-array/index.d.ts(921,38): error TS2304: Cannot find name 'Iterable'.
node_modules/@types/d3-array/index.d.ts(928,35): error TS2304: Cannot find name 'Iterable'.
node_modules/@types/d3-array/index.d.ts(935,35): error TS2304: Cannot find name 'Iterable'.
node_modules/@types/d3-array/index.d.ts(944,41): error TS2304: Cannot find name 'Iterable'.
node_modules/@types/d3-array/index.d.ts(944,71): error TS2304: Cannot find name 'Iterable'.
node_modules/@types/d3-array/index.d.ts(950,46): error TS2304: Cannot find name 'Iterable'.
node_modules/@types/d3-array/index.d.ts(956,53): error TS2304: Cannot find name 'Iterable'.
node_modules/@types/d3-array/index.d.ts(961,32): error TS2304: Cannot find name 'Iterable'.
node_modules/@types/d3-array/index.d.ts(961,48): error TS2304: Cannot find name 'Iterable'.
node_modules/@types/d3-array/index.d.ts(966,30): error TS2304: Cannot find name 'Iterable'.
node_modules/@types/d3-array/index.d.ts(966,46): error TS2304: Cannot find name 'Iterable'.
node_modules/@types/d3-array/index.d.ts(971,32): error TS2304: Cannot find name 'Iterable'.
node_modules/@types/d3-array/index.d.ts(971,48): error TS2304: Cannot find name 'Iterable'.
node_modules/@types/d3-array/index.d.ts(1039,24): error TS2304: Cannot find name 'Iterable'.
node_modules/@types/d3-array/index.d.ts(1040,49): error TS2304: Cannot find name 'Iterable'.
node_modules/@types/d3-array/index.d.ts(1111,50): error TS2583: Cannot find name 'Map'. Do you need to change your target library? Try changing the 'lib' compiler option to 'es2015' or later.
node_modules/@types/d3-array/index.d.ts(1117,41): error TS2583: Cannot find name 'Set'. Do you need to change your target library? Try changing the 'lib' compiler option to 'es2015' or later.
node_modules/@types/d3-scale/index.d.ts(75,20): error TS2304: Cannot find name 'Iterable'.
node_modules/@types/d3-scale/index.d.ts(89,18): error TS2304: Cannot find name 'Iterable'.
node_modules/@types/d3-scale/index.d.ts(102,23): error TS2304: Cannot find name 'Iterable'.
node_modules/@types/d3-scale/index.d.ts(267,13): error TS2304: Cannot find name 'Iterable'.
node_modules/@types/d3-scale/index.d.ts(288,13): error TS2304: Cannot find name 'Iterable'.
node_modules/@types/d3-scale/index.d.ts(289,12): error TS2304: Cannot find name 'Iterable'.
node_modules/@types/d3-scale/index.d.ts(396,13): error TS2304: Cannot find name 'Iterable'.
node_modules/@types/d3-scale/index.d.ts(418,13): error TS2304: Cannot find name 'Iterable'.
node_modules/@types/d3-scale/index.d.ts(419,12): error TS2304: Cannot find name 'Iterable'.
node_modules/@types/d3-scale/index.d.ts(443,13): error TS2304: Cannot find name 'Iterable'.
node_modules/@types/d3-scale/index.d.ts(465,13): error TS2304: Cannot find name 'Iterable'.
node_modules/@types/d3-scale/index.d.ts(466,12): error TS2304: Cannot find name 'Iterable'.
node_modules/@types/d3-scale/index.d.ts(521,20): error TS2304: Cannot find name 'Iterable'.
node_modules/@types/d3-scale/index.d.ts(641,13): error TS2304: Cannot find name 'Iterable'.
node_modules/@types/d3-scale/index.d.ts(662,13): error TS2304: Cannot find name 'Iterable'.
node_modules/@types/d3-scale/index.d.ts(663,12): error TS2304: Cannot find name 'Iterable'.
node_modules/@types/d3-scale/index.d.ts(751,13): error TS2304: Cannot find name 'Iterable'.
node_modules/@types/d3-scale/index.d.ts(772,13): error TS2304: Cannot find name 'Iterable'.
node_modules/@types/d3-scale/index.d.ts(773,12): error TS2304: Cannot find name 'Iterable'.
node_modules/@types/d3-scale/index.d.ts(829,20): error TS2304: Cannot find name 'Iterable'.
node_modules/@types/d3-scale/index.d.ts(843,18): error TS2304: Cannot find name 'Iterable'.
node_modules/@types/d3-scale/index.d.ts(911,56): error TS2304: Cannot find name 'Iterable'.
node_modules/@types/d3-scale/index.d.ts(943,13): error TS2304: Cannot find name 'Iterable'.
node_modules/@types/d3-scale/index.d.ts(958,13): error TS2304: Cannot find name 'Iterable'.
node_modules/@types/d3-scale/index.d.ts(959,12): error TS2304: Cannot find name 'Iterable'.
node_modules/@types/d3-scale/index.d.ts(1027,20): error TS2304: Cannot find name 'Iterable'.
node_modules/@types/d3-scale/index.d.ts(1041,18): error TS2304: Cannot find name 'Iterable'.
node_modules/@types/d3-scale/index.d.ts(1054,23): error TS2304: Cannot find name 'Iterable'.
node_modules/@types/d3-scale/index.d.ts(1228,13): error TS2304: Cannot find name 'Iterable'.
node_modules/@types/d3-scale/index.d.ts(1249,13): error TS2304: Cannot find name 'Iterable'.
node_modules/@types/d3-scale/index.d.ts(1250,12): error TS2304: Cannot find name 'Iterable'.
node_modules/@types/d3-scale/index.d.ts(1273,13): error TS2304: Cannot find name 'Iterable'.
node_modules/@types/d3-scale/index.d.ts(1294,13): error TS2304: Cannot find name 'Iterable'.
node_modules/@types/d3-scale/index.d.ts(1295,12): error TS2304: Cannot find name 'Iterable'.
node_modules/@types/d3-scale/index.d.ts(1332,20): error TS2304: Cannot find name 'Iterable'.
node_modules/@types/d3-scale/index.d.ts(1358,18): error TS2304: Cannot find name 'Iterable'.
node_modules/@types/d3-scale/index.d.ts(1366,23): error TS2304: Cannot find name 'Iterable'.
node_modules/@types/d3-scale/index.d.ts(1421,46): error TS2304: Cannot find name 'Iterable'.
node_modules/@types/d3-scale/index.d.ts(1437,13): error TS2304: Cannot find name 'Iterable'.
node_modules/@types/d3-scale/index.d.ts(1438,45): error TS2304: Cannot find name 'Iterable'.
node_modules/@types/d3-scale/index.d.ts(1464,13): error TS2304: Cannot find name 'Iterable'.
node_modules/@types/d3-scale/index.d.ts(1491,13): error TS2304: Cannot find name 'Iterable'.
node_modules/@types/d3-scale/index.d.ts(1518,13): error TS2304: Cannot find name 'Iterable'.
node_modules/@types/d3-scale/index.d.ts(1545,13): error TS2304: Cannot find name 'Iterable'.
node_modules/@types/d3-scale/index.d.ts(1610,13): error TS2304: Cannot find name 'Iterable'.
node_modules/@types/d3-scale/index.d.ts(1649,20): error TS2304: Cannot find name 'Iterable'.
node_modules/@types/d3-scale/index.d.ts(1686,18): error TS2304: Cannot find name 'Iterable'.
node_modules/@types/d3-scale/index.d.ts(1694,23): error TS2304: Cannot find name 'Iterable'.
node_modules/@types/d3-scale/index.d.ts(1729,46): error TS2304: Cannot find name 'Iterable'.
node_modules/@types/d3-scale/index.d.ts(1746,13): error TS2304: Cannot find name 'Iterable'.
node_modules/@types/d3-scale/index.d.ts(1747,45): error TS2304: Cannot find name 'Iterable'.
node_modules/@types/d3-scale/index.d.ts(1773,13): error TS2304: Cannot find name 'Iterable'.
node_modules/@types/d3-scale/index.d.ts(1800,13): error TS2304: Cannot find name 'Iterable'.
node_modules/@types/d3-scale/index.d.ts(1827,13): error TS2304: Cannot find name 'Iterable'.
node_modules/@types/d3-scale/index.d.ts(1854,13): error TS2304: Cannot find name 'Iterable'.
node_modules/@types/d3-scale/index.d.ts(1898,20): error TS2304: Cannot find name 'Iterable'.
node_modules/@types/d3-scale/index.d.ts(1909,18): error TS2304: Cannot find name 'Iterable'.
node_modules/@types/d3-scale/index.d.ts(1985,72): error TS2304: Cannot find name 'Iterable'.
node_modules/@types/d3-scale/index.d.ts(2000,13): error TS2304: Cannot find name 'Iterable'.
node_modules/@types/d3-scale/index.d.ts(2001,12): error TS2304: Cannot find name 'Iterable'.
node_modules/@types/d3-scale/index.d.ts(2047,20): error TS2304: Cannot find name 'Iterable'.
node_modules/@types/d3-scale/index.d.ts(2061,18): error TS2304: Cannot find name 'Iterable'.
node_modules/@types/d3-scale/index.d.ts(2100,72): error TS2304: Cannot find name 'Iterable'.
node_modules/@types/d3-scale/index.d.ts(2113,13): error TS2304: Cannot find name 'Iterable'.
node_modules/@types/d3-scale/index.d.ts(2114,12): error TS2304: Cannot find name 'Iterable'.
node_modules/@types/d3-scale/index.d.ts(2162,20): error TS2304: Cannot find name 'Iterable'.
node_modules/@types/d3-scale/index.d.ts(2175,18): error TS2304: Cannot find name 'Iterable'.
node_modules/@types/d3-scale/index.d.ts(2208,13): error TS2304: Cannot find name 'Iterable'.
node_modules/@types/d3-scale/index.d.ts(2223,13): error TS2304: Cannot find name 'Iterable'.
node_modules/@types/d3-scale/index.d.ts(2224,12): error TS2304: Cannot find name 'Iterable'.
node_modules/@types/d3-scale/index.d.ts(2272,20): error TS2304: Cannot find name 'Iterable'.
node_modules/@types/d3-scale/index.d.ts(2287,18): error TS2304: Cannot find name 'Iterable'.
node_modules/@types/d3-scale/index.d.ts(2319,45): error TS2304: Cannot find name 'Iterable'.
node_modules/@types/d3-scale/index.d.ts(2333,13): error TS2304: Cannot find name 'Iterable'.
node_modules/@types/d3-scale/index.d.ts(2347,13): error TS2304: Cannot find name 'Iterable'.
node_modules/@types/d3-scale/index.d.ts(2348,12): error TS2304: Cannot find name 'Iterable'.
node_modules/@types/d3-scale/index.d.ts(2388,20): error TS2304: Cannot find name 'Iterable'.
node_modules/@types/d3-scale/index.d.ts(2400,18): error TS2304: Cannot find name 'Iterable'.
node_modules/@types/d3-scale/index.d.ts(2410,23): error TS2304: Cannot find name 'Iterable'.
node_modules/@types/d3-scale/index.d.ts(2509,13): error TS2304: Cannot find name 'Iterable'.
node_modules/@types/d3-scale/index.d.ts(2520,13): error TS2304: Cannot find name 'Iterable'.
node_modules/@types/d3-scale/index.d.ts(2521,12): error TS2304: Cannot find name 'Iterable'.
node_modules/@types/d3-scale/index.d.ts(2555,20): error TS2304: Cannot find name 'Iterable'.
node_modules/@types/d3-scale/index.d.ts(2568,18): error TS2304: Cannot find name 'Iterable'.
node_modules/@types/d3-scale/index.d.ts(2578,23): error TS2304: Cannot find name 'Iterable'.
node_modules/@types/d3-scale/index.d.ts(2655,13): error TS2304: Cannot find name 'Iterable'.
node_modules/@types/d3-scale/index.d.ts(2667,13): error TS2304: Cannot find name 'Iterable'.
node_modules/@types/d3-scale/index.d.ts(2668,12): error TS2304: Cannot find name 'Iterable'.
node_modules/@types/d3-shape/index.d.ts(627,12): error TS2304: Cannot find name 'Iterable'.
node_modules/@types/d3-shape/index.d.ts(637,12): error TS2304: Cannot find name 'Iterable'.
node_modules/@types/d3-shape/index.d.ts(789,12): error TS2304: Cannot find name 'Iterable'.
node_modules/@types/d3-shape/index.d.ts(799,12): error TS2304: Cannot find name 'Iterable'.
node_modules/@types/d3-shape/index.d.ts(975,12): error TS2304: Cannot find name 'Iterable'.
node_modules/@types/d3-shape/index.d.ts(985,12): error TS2304: Cannot find name 'Iterable'.
node_modules/@types/d3-shape/index.d.ts(1244,12): error TS2304: Cannot find name 'Iterable'.
node_modules/@types/d3-shape/index.d.ts(1253,12): error TS2304: Cannot find name 'Iterable'.
node_modules/@types/d3-shape/index.d.ts(2485,12): error TS2304: Cannot find name 'Iterable'.
node_modules/@types/d3-shape/index.d.ts(2497,16): error TS2304: Cannot find name 'Iterable'.
node_modules/@types/d3-shape/index.d.ts(2522,46): error TS2304: Cannot find name 'Iterable'.
node_modules/@types/d3-shape/index.d.ts(2526,25): error TS2304: Cannot find name 'Iterable'.
node_modules/@types/d3-shape/index.d.ts(2537,50): error TS2304: Cannot find name 'Iterable'.
node_modules/@types/d3-shape/index.d.ts(2647,70): error TS2304: Cannot find name 'Iterable'.
node_modules/@types/d3-shape/index.d.ts(2655,73): error TS2304: Cannot find name 'Iterable'.
node_modules/@types/d3-shape/index.d.ts(2663,68): error TS2304: Cannot find name 'Iterable'.
node_modules/@types/d3-shape/index.d.ts(2671,74): error TS2304: Cannot find name 'Iterable'.
node_modules/@types/d3-shape/index.d.ts(2680,70): error TS2304: Cannot find name 'Iterable'.
node_modules/@types/prop-types/index.d.ts(16,38): error TS2304: Cannot find name 'Iterable'.
node_modules/@types/react/index.d.ts(448,26): error TS2304: Cannot find name 'Iterable'.
node_modules/@types/react/index.d.ts(486,10): error TS2456: Type alias 'ReactNode' circularly references itself.
node_modules/@types/react/index.d.ts(490,11): error TS2304: Cannot find name 'Iterable'.
node_modules/framer-motion/dist/index.d.ts(1451,15): error TS2583: Cannot find name 'Set'. Do you need to change your target library? Try changing the 'lib' compiler option to 'es2015' or later.
node_modules/framer-motion/dist/index.d.ts(1498,18): error TS2583: Cannot find name 'Map'. Do you need to change your target library? Try changing the 'lib' compiler option to 'es2015' or later.
node_modules/framer-motion/dist/index.d.ts(1664,15): error TS2583: Cannot find name 'Set'. Do you need to change your target library? Try changing the 'lib' compiler option to 'es2015' or later.
node_modules/framer-motion/dist/index.d.ts(1688,23): error TS2583: Cannot find name 'Set'. Do you need to change your target library? Try changing the 'lib' compiler option to 'es2015' or later.
node_modules/framer-motion/dist/index.d.ts(1720,13): error TS2583: Cannot find name 'Map'. Do you need to change your target library? Try changing the 'lib' compiler option to 'es2015' or later.
node_modules/framer-motion/dist/index.d.ts(3484,37): error TS2583: Cannot find name 'Map'. Do you need to change your target library? Try changing the 'lib' compiler option to 'es2015' or later.
node_modules/framer-motion/dist/index.d.ts(4478,35): error TS2583: Cannot find name 'WeakMap'. Do you need to change your target library? Try changing the 'lib' compiler option to 'es2015' or later.
node_modules/intl-messageformat/src/formatters.d.ts(22,38): error TS2694: Namespace 'Intl' has no exported member 'PluralRules'.
node_modules/intl-messageformat/src/formatters.d.ts(27,63): error TS2550: Property 'PluralRules' does not exist on type 'typeof Intl'. Do you need to change your target library? Try changing the 'lib' compiler option to 'es2018' or later.
node_modules/intl-messageformat/src/formatters.d.ts(27,83): error TS2694: Namespace 'Intl' has no exported member 'PluralRules'.
node_modules/react-i18next/index.d.ts(68,39): error TS2304: Cannot find name 'Iterable'.
node_modules/react-i18next/TransWithoutContext.d.ts(3,3): error TS2614: Module '"i18next"' has no exported member 'ApplyTarget'. Did you mean to use 'import ApplyTarget from "i18next"' instead?
node_modules/react-i18next/TransWithoutContext.d.ts(4,3): error TS2614: Module '"i18next"' has no exported member 'ConstrainTarget'. Did you mean to use 'import ConstrainTarget from "i18next"' instead?
node_modules/react-i18next/TransWithoutContext.d.ts(5,3): error TS2724: '"i18next"' has no exported member named 'GetSource'. Did you mean 'Resource'?
node_modules/react-i18next/TransWithoutContext.d.ts(8,3): error TS2614: Module '"i18next"' has no exported member 'SelectorFn'. Did you mean to use 'import SelectorFn from "i18next"' instead?
node_modules/react-i18next/TransWithoutContext.d.ts(16,36): error TS2339: Property 'enableSelector' does not exist on type 'TypeOptions'.
src/pages/products/List.tsx(4,72): error TS2307: Cannot find module '@/components/common' or its corresponding type declarations.
src/pages/products/List.tsx(5,71): error TS2307: Cannot find module '@/components/common' or its corresponding type declarations.
src/pages/products/List.tsx(61,52): error TS2705: An async function or method in ES5 requires the 'Promise' constructor.  Make sure you have a declaration for the 'Promise' constructor or include 'ES2015' in your '--lib' option.
src/pages/products/List.tsx(121,44): error TS17004: Cannot use JSX unless the '--jsx' flag is provided.
src/pages/products/List.tsx(128,21): error TS17004: Cannot use JSX unless the '--jsx' flag is provided.
src/pages/products/List.tsx(141,21): error TS17004: Cannot use JSX unless the '--jsx' flag is provided.
src/pages/products/List.tsx(151,21): error TS17004: Cannot use JSX unless the '--jsx' flag is provided.
src/pages/products/List.tsx(152,25): error TS17004: Cannot use JSX unless the '--jsx' flag is provided.
src/pages/products/List.tsx(156,29): error TS17004: Cannot use JSX unless the '--jsx' flag is provided.
src/pages/products/List.tsx(168,21): error TS17004: Cannot use JSX unless the '--jsx' flag is provided.
src/pages/products/List.tsx(178,21): error TS17004: Cannot use JSX unless the '--jsx' flag is provided.
src/pages/products/List.tsx(179,25): error TS17004: Cannot use JSX unless the '--jsx' flag is provided.
src/pages/products/List.tsx(180,25): error TS17004: Cannot use JSX unless the '--jsx' flag is provided.
src/pages/products/List.tsx(195,23): error TS17004: Cannot use JSX unless the '--jsx' flag is provided.
src/pages/products/List.tsx(201,23): error TS17004: Cannot use JSX unless the '--jsx' flag is provided.
src/pages/products/List.tsx(207,23): error TS17004: Cannot use JSX unless the '--jsx' flag is provided.
src/pages/products/List.tsx(217,13): error TS17004: Cannot use JSX unless the '--jsx' flag is provided.
src/pages/products/List.tsx(218,17): error TS17004: Cannot use JSX unless the '--jsx' flag is provided.
src/pages/products/List.tsx(219,21): error TS17004: Cannot use JSX unless the '--jsx' flag is provided.
src/pages/products/List.tsx(220,25): error TS17004: Cannot use JSX unless the '--jsx' flag is provided.
src/pages/products/List.tsx(224,43): error TS17004: Cannot use JSX unless the '--jsx' flag is provided.
src/pages/products/List.tsx(229,25): error TS17004: Cannot use JSX unless the '--jsx' flag is provided.
src/pages/products/List.tsx(230,29): error TS17004: Cannot use JSX unless the '--jsx' flag is provided.
src/pages/products/List.tsx(235,60): error TS2550: Property 'from' does not exist on type 'ArrayConstructor'. Do you need to change your target library? Try changing the 'lib' compiler option to 'es2015' or later.
src/pages/products/List.tsx(242,44): error TS17004: Cannot use JSX unless the '--jsx' flag is provided.
src/pages/products/List.tsx(253,9): error TS17004: Cannot use JSX unless the '--jsx' flag is provided.
src/pages/products/List.tsx(254,13): error TS17004: Cannot use JSX unless the '--jsx' flag is provided.
src/pages/products/List.tsx(258,21): error TS17004: Cannot use JSX unless the '--jsx' flag is provided.
src/pages/products/List.tsx(259,25): error TS17004: Cannot use JSX unless the '--jsx' flag is provided.
src/pages/products/List.tsx(261,43): error TS17004: Cannot use JSX unless the '--jsx' flag is provided.
src/pages/products/List.tsx(270,13): error TS17004: Cannot use JSX unless the '--jsx' flag is provided.
